// Jest Snapshot v1, https://goo.gl/fbAQLP

exports[`Pruebas en el componente AddCategory Debe de mostrarse correctamente 1`] = `
<form
  onSubmit={[Function]}
>
  <p />
  <input
    className="mt-5 rounded-xl bg-gray-100 focus:outline-none focus:border-2 focs:border-gray-200 py-2 px-5"
    onChange={[Function]}
    placeholder="Digite el nombre del gif a buscar"
    type="text"
    value=""
  />
</form>
`;
