// Jest Snapshot v1, https://goo.gl/fbAQLP

exports[`Pruebas en GifGridItem Debe de hacer match con el snapshot 1`] = `
<div>
  <div
    class="bg-white drop-shadow-xl flex flex-col justify-between card animate__animated animate__fadeIn animate__delay-2s"
  >
    <img
      alt="Eren"
      class="object-cover"
      src="https://shingeki-no-kyogin/eren.jpg"
    />
    <h3
      class="text-center capitalize p-5 text-md"
    >
      Eren
    </h3>
    <p
      class="text-center bg-blue-500 text-white text-lg hover:bg-blue-600"
    >
      <a
        href="https://shingeki-no-kyogin/eren.jpg"
        rel="noreferrer"
        target="_blank"
      >
        Ver Gif
      </a>
    </p>
  </div>
</div>
`;
